---
source: crates/pi-bridge-types/src/lib.rs
assertion_line: 135
expression: restored
---
{
  "version": 2,
  "requestId": "req-1",
  "command": {
    "type": "prompt",
    "payload": {
      "sessionPath": null,
      "text": "hello",
      "images": [],
      "streamingBehavior": null
    }
  }
}
